kgdklkdkllk
